(students; capable of; ...)(students; desires; exams doctors)(...; desires; prepare operation)(surgery easy; causes; task example)(surgery easy; causes; couple weeks)(prepare operation; causes; couple weeks)
(my salary; causes; support medication)(my grandmother; capable of; support medication)(in the hospital; has context; ’)(need my salary; causes; support medication)(support medication; has context; ’)(support medication; part of; support her medication)(support medication; used for; don grandmother)
(kentucky; part of; kentuckians racist)(kentuckians; part of; kentuckians racist)(kentuckians racist; not capable of; racists)(kentuckians racist; is a; racist)

(history; has context; fallacy of irrelevance)(history; has context; fallacy irrelevance)(history origin; has context; fallacy of irrelevance)(history origin; has property; source current)
(fat burgers; capable of; eat)(fat burgers; capable of; good health)(eat; is a; helga)(eat; used for; eating)(eat; has context; health)(eat; has context; hugh)(eat; has context; ’)
(hairspray; synonym of; hairspray month)(ozone layer; capable of; layer exist)(hairspray month; is a; ozone layer)(layer exist; causes; exist exist)
(popular; has context; popular right)(argues popular; is a; right)(popular right; desires; must be)(popular right; is a; right)
(cut taxes; capable of; leave huge)(children; desires; leave huge)(leave huge; synonym of; huge debt)
(mayor; capable of; elect mayor)(elect mayor; is a; logical fallacy)(elect mayor; causes; treated alcohol)(treated alcohol; has context; alcohol addiction)
(example fallacy; has context; fallacy)(example fallacy; causes; term nassim)(swan people; causes; term nassim)(term nassim; causes; person coined)
(drank bottled water; capable of; sick water)(sick water; synonym of; sick)(sick water; synonym of; water)
(teenagers; has property; teenagers immature)(teenagers immature; has property; global issues)(absorbed understand; has context; understand)(absorbed understand; has context; global issues)
(television; has property; fallacy announcer)(foot cream; has context; commercial announcer)(foot cream; is a; fallacy announcer)(fallacy announcer; causes; ricky watching)(ricky watching; has property; says best)(says best; causes; makers able)
(no; capable of; process appreciates)(no one stops; capable of; process appreciates)(process appreciates; has context; no one appreciates)(process appreciates; causes; value example)(process appreciates; causes; stops process)
(everyone; desires; gaming owns)(latest video game; has property; logical fallacy)(gaming owns; causes; logical fallacy)(logical fallacy; causes; used passage)(used passage; is a; left)

(drivers; desires; drivers richmond)(richmond; used for; drivers richmond)(everyone; desires; terrible does)(big city; synonym of; drivers richmond)(drivers richmond; has context; terrible does)(terrible does; synonym of; drive like that)
(senior citizens; used for; people age)(senior citizens; has property; 66 children)(senior citizens; used for; citizens children)(children; synonym of; citizens children)
(homeless; capable of; worry pandas)(worry pandas; has context; worry)(worry pandas; causes; country worry)(country worry; synonym of; going)

(university of tennessee; capable of; apply ut)(university tennessee; capable of; apply ut)(apply ut; has context; gone university)(gone university; has context; family)(gone university; has context; family gone)
(schools; capable of; logical fallacy)(logical fallacy; used for; families)(logical fallacy; capable of; discipline students)
(main street; part of; opponents)(main street; capable of; town counterproductive)(opponents; capable of; recent auto accidents)(reducing speed limits; used for; opponents)(town counterproductive; causes; led propose)(reduced calm; causes; led propose)
(by chance; causes; logical fallacy)(chance punished; desires; punished)(logical fallacy; causes; departure law)(departure law; not desires; punished)(commited argument; desires; punished)(identify; desires; punished)
(testing; synonym of; perfumes)(perfumes; synonym of; perfumes animals)(art teacher; capable of; perfumes animals)(testing perfumes on; synonym of; perfumes animals)(perfumes animals; capable of; support testing)
(sedentary lifestyle; causes; contributes obesity)(contributes obesity; causes; rise)(contributes obesity; causes; people getting)(sedentary decades; causes; people getting)(people getting; has context; obesity..)
(executions; is a; death penalty)(executions; is a; executions moral)(death penalty; capable of; discourage)(discourage; is not a; moral)(violent crime; desires; discourage)
(everyone; desires; best outsell)(japanese dvd players; part of; american)(japanese dvd players; has property; best outsell)(best outsell; synonym of; best)
(test; causes; test later)(jimmy; desires; test later)(sinus congestion; causes; test later)(jimmy fever; capable of; test later)(congestion cough; causes; test later)
(sun; capable of; sleeps noon)(sleeps noon; is not a; fully)(sleeps noon; has context; 5:00am)(sleeps noon; has context; sleeps)(sleeps noon; causes; lily jokes)(lily jokes; causes; says sun)
(dr. fauci; is a; oldest)(dr. fauci; has property; oldest meanest)(dr fauci; has property; oldest meanest)(oldest meanest; has context; meanest)(oldest meanest; has property; sure says)
(road law; capable of; drive)(road law; has context; right side)(road law; part of; law)(drive right; synonym of; right side)
(shouldn vomito; causes; food awful)(food awful; has context; food)
(buddy burger; has property; phil owner)(buddy burger; has property; run president)(# 1; has context; voted local)(phil owner; has context; local paper)(run president; has property; # 1)(voted local; has context; greatest food)
(robert downey jr.; has property; thinks vote)(robert downey jr.; has property; obviously wrong)(drug use; has context; obviously wrong)(obviously wrong; has context; everyone should vote)(jr went; is a; obviously wrong)
(glaucon; capable of; poison used)(poison; used for; poison used)(poison; used for; talk glaucon)(poison used; causes; let talk)
(climate change; capable of; extinction humans)(passing this green; causes; extinction humans)(extinction humans; has context; mass extinction)(extinction humans; has context; passing)(extinction humans; has context; or)(passing green; causes; extinction humans)
(kangaroos mma; part of; mormons kangaroos)(mormons kangaroos; has context; mormons mormons)(mormons mormons; synonym of; mma fighters..)(mormons mormons; synonym of; mma fighters)(mormons mormons; synonym of; mormons..)
(people; desires; problem alcoholics)(people; desires; coffee morning)(alcohol; used for; problem alcoholics)(alcoholics; desires; problem alcoholics)(coffee morning; causes; function problem)
(laid off; causes; devices replace)(laid off; causes; causing people)(printed books; capable of; using)(schools; capable of; laid off)(schools; capable of; using)(use laptops; capable of; using)(schools stick; desires; laid off)
(staying; synonym of; staying rain)(staying rain; is a; logical fallacy)(staying rain; capable of; fallacy represented)(fallacy represented; causes; sick logical)(sick logical; has context; sick)
(most people; desires; example fallacy)(earth; has context; center)(example fallacy; has context; center)(example fallacy; used for; what fallacy)(example fallacy; used for; center universe)
(james; desires; bankruptcy trust)(company; has property; bankruptcy trust)(bankruptcy trust; has context; bankruptcy)(bankruptcy trust; used for; james company)(james company; is a; work just)(work just; desires; trust you)
(all; capable of; courses boring)(required university courses; is a; courses boring)(courses boring; synonym of; boring)
(god exists; has context; says bible)(exists know; used for; bible)(exists know; has context; says bible)(exists know; causes; know says)
(city; desires; fall pieces)(watch our city; capable of; fall pieces)(watch city; has context; mayor ruiz)(watch city; capable of; fall pieces)(fall pieces; has context; fall to pieces)
(fast food; desires; triple-baconator)(fast food; desires; 64 ounces)(fast food; has property; charlie)(super-sized; capable of; hypocrite)(super-sized; capable of; regulation industry)(64 ounces; capable of; added sugars)(64 ounces; capable of; hypocrite)
(sad little girl; capable of; used sad)(used sad; has context; appeal)(used sad; causes; appeal used)

(sebastian; desires; sebastian fall)(friends; desires; cool gadget)(fidget spinner; capable of; cool gadget)(fidget spinner; capable of; did fallacy)(sebastian fall; capable of; cool gadget)
(missed assignments; causes; lose financial)(missed assignments; causes; aid drop)(lose financial; has context; drop out)
(teenage boy; capable of; bad drivers)(teenage boys; capable of; bad drivers)(bad drivers; not capable of; car wreck)(ecr believing; capable of; car wreck)
(mcdonalds; capable of; better)(mcdonalds; used for; phrase ninety)(better; has context; represents which fallacy)(represents which fallacy; has context; must)(better burger; has context; must)
(driving a prius; synonym of; driving prius)(driving prius; causes; problems driving)(solve ecological; has context; ecological problems)(problems driving; causes; solve ecological)
(grizzly bears; capable of; bears dangerous)(bears dangerous; has context; too cute)(dangerous cute; antonym of; dangerous)(dangerous cute; antonym of; too cute)
(get ripped off; not capable of; overcharged)(looking invoice; capable of; overcharged)(looking invoice; capable of; don business)(swears mechanic; capable of; don business)
(philosophy; desires; difficult philosophy)(philosophy classes; capable of; difficult philosophy)(hard; synonym of; difficult)(difficult philosophy; synonym of; difficult)
(an; synonym of; an example)(an example; synonym of; an)
(the bible; used for; stories god)(stories; used for; stories god)(stories god; used for; bible filled)
(pizza; has property; pizza healthy)(ingredients; used for; groups pizza)(pizza healthy; capable of; ingredients)(groups pizza; has context; food groups)(groups pizza; is not a; healthy)
(mcdonald 's; used for; mcdonald hamburgers)(mcdonald 's; used for; hamburgers 99)(hamburgers; used for; mcdonald hamburgers)(hamburgers 99; synonym of; over 99 billion)
(algebra exam; not desires; cell limit)(month important; has context; mom)(month important; capable of; cell limit)(month important; capable of; know upset)
(environmental group; part of; environmentalists radicals)(nuclear plant; causes; loggers workers)(environmentalists; synonym of; environmentalists radicals)(radicals; desires; loggers workers)(environmentalists radicals; causes; loggers workers)(loggers workers; causes; law hands)
(afford stereo; has context; afford)(afford stereo; part of; stereo)(afford stereo; capable of; decide going)
(marcus; used for; home friends)(small community college; used for; home friends)(home friends; synonym of; close)(home friends; part of; close to)
(new math teacher; capable of; stands good)(stands good; has context; excellent teacher)(stands good; has context; good teaching skills)(stands good; causes; thing new)
(smoking cigarettes; causes; continue smoking)(arsenic; capable of; death wouldn)(continue smoking; used for; death)(continue smoking; capable of; death wouldn)(death wouldn; causes; want spoonful)
(dinosaurs; causes; dinosaurs extinct)(vegetables; causes; vegetables example)(dinosaurs extinct; synonym of; ate vegetables)(dinosaurs extinct; has context; ate)(dinosaurs extinct; causes; vegetables example)
(doctor; capable of; pharmaceutical company)(pharmaceutical company; capable of; vaccination)(course doctor; part of; pharmaceutical company)
(book; capable of; book popular)(book popular; is a; sm 2)(book popular; capable of; being popular)(book popular; synonym of; best-seller list)(list months; synonym of; being popular)

(guns; desires; hammers restrictions)(hammers restrictions; has context; hammers)(hammers restrictions; used for; metal parts)(hammers restrictions; causes; kill someone)(hammers restrictions; causes; ridiculous restrict)
(free speech; capable of; say want)(say want; is a; right)(say want; synonym of; what i)(say want; capable of; shouldn try)
(health inspectors; causes; morning pile)(remember trash; causes; morning pile)(morning pile; not desires; take)(morning pile; has context; trash)(morning pile; causes; neighbors complain)
(true american; causes; american support)(support; used for; people)(support; used for; american support)(rights; used for; rights people)(choose vehicle; causes; american support)(american support; causes; rights people)
(eat; used for; diet heart)(good diet; used for; diet heart)(diet heart; capable of; eat good)(eat good; synonym of; never have a)
(fallacy called; has property; isn obvious)(isn obvious; is a; logical)
(data limit; causes; logical fallacy)(logical fallacy; has context; distract her)(logical fallacy; causes; distract talking)(extend data; has context; extend)(extend data; causes; logical fallacy)(extend data; causes; grades example)
(students; desires; phones fail)(students; desires; week cell)(cell phones; capable of; phones fail)(phones fail; capable of; fail)
(professional athletes; desires; training team)(apple watches; used for; training team)(training team; desires; purchase)(training team; capable of; needs purchase)
(engineering tests; capable of; no evidence of)(no cheating; causes; cheating)(university committee for; capable of; no evidence of)(no evidence of; causes; cheating)(no evidence of; has context; place years)(declare cheating; has context; place years)
(person psychotic; part of; psychotic)(person psychotic; capable of; bizarre manner)(manner person; capable of; bizarre manner)

(jumped roof; synonym of; off the)

(malaysia airlines; causes; malaysia ruin)(tourism; capable of; airlines hurt)(malaysia ruin; causes; airlines hurt)(airlines hurt; has context; crash)(airlines hurt; causes; crash likely)
(green peace; capable of; dirty)(green peace; used for; lazy hippies)(dirty; has context; aren effective)(aren effective; synonym of; effective)
(murder mysteries; desires; attorney culprit)(district attorney; has context; attorney culprit)(lawyers; synonym of; culprit)(lawyers; part of; mystery writers)(attorney culprit; synonym of; culprit)(read district; has context; culprit)
(mayor jones; capable of; driving under the)(anti-dui campaign; causes; driving under the)(mayor; capable of; driving under the)(driving; capable of; driving under the)(mayor himself; capable of; driving under the)(mayor cited; capable of; driving under the)(mayor cited; capable of; anti dui)
(man; capable of; cheated spouse)(cheated; has context; right)(cheated; used for; cheated spouse)(cheated spouse; has property; friend tells)



(you will live; synonym of; live on your)(school credit; has context; leave)(school credit; part of; credit card)(school credit; has context; live on your)(leave house; has context; live on your)(leave house; has context; cut need)
(marvel fan; used for; endgame person)(avengers : endgame..; used for; endgame person)(person; desires; endgame person)(avengers :; used for; endgame person)(endgame person; has context; endgame..)(aren true; has context; endgame..)
(work work; synonym of; work)
(smoking; not capable of; lung cancer)(eradicate; causes; lung cancer)(lung cancer; used for; lung cancer..)
(example fallacy; has context; full football season)(example fallacy; capable of; zero football)(example fallacy; has context; fallacy)(scrap altogether; causes; zero football)

(charity group; capable of; healthy meal)(everyone; desires; healthy meal)(healthy meal; capable of; misusing)
(shopkeeper; has property; fallacy shopkeeper)(shopkeeper; capable of; suspects stealing)(stealing; has context; suspects stealing)(empty gum wrapper; capable of; asks pockets)(suspects stealing; causes; asks pockets)(asks pockets; has context; empty your pockets)(asks pockets; causes; wrapper immediately)
(united states; part of; american wealthy)(american; has property; american wealthy)(american wealthy; synonym of; wealthiest nation)(american wealthy; is a; wealthy)(nation world; part of; wealthiest nation)
(jack; desires; he ate hot)
(john; capable of; john bad)(john bad; part of; bad habits)(john bad; part of; he)(john bad; desires; never gave up)
(the movies; used for; night math)(night math; desires; passed)(night math; synonym of; math test)(night math; desires; going)(night math; desires; go)(night math; causes; going movies)(going movies; causes; test going)
(psychology course; capable of; sign today)(sign today; synonym of; sign up today)(sign today; capable of; don wait)
(lowering taxes; used for; ben jerry)(woman; capable of; ben jerry)(ben jerry; capable of; woman eats)
(women; capable of; vote nuclear)(vote nuclear; synonym of; nuclear weapons)

(says liar; synonym of; liar)(liar going; synonym of; liar)(liar going; causes; going talk)
(maria; capable of; car wealthy)(drives a car; desires; car wealthy)(car wealthy; synonym of; wealthy)
(schools; has property; parents withdrawn)(withdrawn; desires; kept closed)(withdrawn; used for; local schools)(parents withdrawn; has context; withdrawn)(closed week; desires; kept closed)(area kept; desires; kept closed)
(persuasive writing; capable of; used influence)(used influence; has context; influence)(used influence; used for; feelings)
(cadets; is a; immature)(cadets; capable of; goofing around)(goofing around; not desires; prohibit)(prohibit cadets; causes; assisting emergency)(assisting emergency; not desires; prohibit)(assisting emergency; has context; emergency services)


(congressman; capable of; vote nafta)(nafta; causes; vote nafta)(vote against nafta; causes; vote nafta)(vote nafta; is a; true american)(vote nafta; desires; vote against)(american ask; has context; true american)
(everyone; capable of; example fallacy)(example fallacy; synonym of; fallacy)(doing example; synonym of; fallacy)
(a; has property; property fallacy)(property fallacy; is a; part of)(property fallacy; is a; b)(property fallacy; has context; has)(property fallacy; has context; property x)(property fallacy; is a; fallacy described)(fallacy described; is a; described logical)
(mabel; desires; ban)(student newspaper; desires; ban)(free speech; not desires; ban)
(congressman; capable of; calls whitehouse)(whitehouse; capable of; calls whitehouse)(whitehouse; causes; spokesperson giant)(``; synonym of; giant idiot)(spokesperson giant; has context; giant idiot)
(person haven; synonym of; credible resource person)(person haven; not capable of; finished college)
(commercial; capable of; company example)(company example; used for; wearing clothes)(company example; causes; friends hanging)
(public education system; capable of; education failed)(steal; has context; job public)(education failed; has context; steal)(job public; causes; steal survive)
(jones; capable of; rise crime)(rise crime; used for; raised taxes)(rise crime; used for; rise in crime)(rise crime; causes; taxes rate)
(adult film industry; has context; shlongmiester adult)(derek; has context; states derek)(adult film; has context; shlongmiester adult)(shlongmiester adult; synonym of; united states)(shlongmiester adult; is a; derek)(states derek; is a; third largest)(star 50; is a; third largest)
(alissa; has context; not serious students)(football player; has context; not serious students)(football player; has property; alissa class)(football players; has property; alissa class)(not serious students; causes; clown disrupts)(players students; causes; clown disrupts)(clown disrupts; has context; disrupts)
(fast food; is a; food bad)(food bad; synonym of; bad for you)(food bad; part of; junk)
(art critic; capable of; inspired)(artwork; desires; awe elba)(inspired; has context; ’)(inspired; has context; awful !)(inspired; has context; awe !)(awe elba; has context; awful !)(artwork awful; has context; awful !)
(protest; causes; protest trouble)(mr. iglesias; capable of; protest trouble)(protest trouble; is a; okay)(said okay; synonym of; okay)
(this necklace; capable of; wear necklace)(wear necklace; capable of; pass my exams)(wear necklace; capable of; pass exams)
(everyone; desires; tattoos college)(tattoos; used for; tattoos college)(college; desires; tattoos college)
(money; capable of; hire more management)(additional taxes for; not capable of; actually reaches the)(hire more management; not capable of; actually reaches the)(hire more management; is not a; really)(hire more management; not capable of; used for education)(build more buildings; not capable of; used for education)(taxes education; capable of; hire more management)
(mrs. peters; is a; nominated teacher)(mrs. peters; has property; mrs peters)(nominated teacher; has context; teacher)(nominated teacher; capable of; vote young)(vote young; has context; too young)
(kim; desires; dropped out of)(global warming; causes; says global)(dropped out of; causes; says global)(warming kim; causes; says global)(dropped college; causes; says global)(says global; desires; don believe)
(entire; causes; complaining)(walk school; has context; walk to school)(used parents; capable of; complaining)(used parents; has context; walk to school)(used parents; capable of; paycheck)
(coin landed; capable of; tails time)(tails time; capable of; heads-up)(tails time; capable of; times row)
(physics exam; capable of; means answered)(“; has context; a+)(means answered; has context; son)(means answered; capable of; excited)(means answered; has context; dad)(means answered; part of; a+)(dad means; desires; excited)
(cardinals; has property; cardinals best)(best football team; capable of; better teams)(better; has context; the)(cardinals best; is a; the)(better teams; is a; better)
(exercise; causes; exercise lose)(sit behind a; has context; seen lick)(exercise lose; causes; seen lick)(sit desk; causes; day ve)(seen lick; causes; lose weight)(seen lick; causes; day ve)
(people; desires; people world)(those; desires; penguins terrible)(penguins terrible; synonym of; terrible monsters)(people world; part of; terrible monsters)
(happy glossy toothpaste; has context; great)
(pediatrician; part of; pediatrician mother)(pediatrician mother; capable of; trust pediatrician)(trust pediatrician; has context; mother)(trust pediatrician; capable of; does trust)
(people trustworthy; has context; shady people)(associated shady; has context; shady people)
(garage; capable of; money joan)(money joan; has context; lots)(money joan; has context; joan)(money joan; capable of; scared off)(money joan; causes; scared customers)(scared customers; causes; showed obviously)
(speaker; used for; society speaker)(divorce; causes; society speaker)(divorced; not capable of; harmful)(society speaker; capable of; family larger)(family larger; not capable of; harmful)

(listening to music; causes; listening music)(listened to music; causes; listening music)
(genetically; capable of; save lives)(people; desires; technology)(go; causes; save lives)(hungry; causes; save lives)(technology; capable of; save lives)(save lives; causes; starve)
(you; desires; good person)
(music; desires; music married)
(happy glossy smiley; has context; great)

(guns; capable of; ’)(’; capable of; kill)(’; has context; equally ridiculous)(restrictions; used for; ’)(restrictions; causes; kill someone)(tools; used for; kill someone)(purchasing guns; capable of; ’)
(car; has property; pollution bus)(pollution bus; not capable of; pollution)(cars pollution; causes; problem buses)(problem buses; synonym of; pollution)(problem buses; has context; pollution problem)
(sam; capable of; beeping)(riding her bike; capable of; beeping)(station wagon; capable of; beeping)(station wagon; capable of; ohio plates)(beeping; has context; jerks)(car; capable of; beeping)(ohio drivers; capable of; beeping)
(donate problem; desires; cure)(donate problem; used for; xyz disease)(donate problem; synonym of; donate)
(government; capable of; let government)(tracking devices; used for; criminals)(let government; causes; tracking devices)(let government; capable of; going stop)
(starbucks; has property; best expensive)(starbucks best; capable of; best expensive)(best expensive; synonym of; expensive)
(two women; capable of; accident women)(women; capable of; accident women)(accident women; part of; car accident)(accident women; capable of; bad drivers)(accident women; used for; women car)
(teachers; has property; teachers paid)(teachers paid; capable of; get paid enough)(believes teachers; desires; get paid enough)(believes teachers; desires; matthew believes)(matthew believes; is a; true)
(bank jail; has context; robs a)(bank jail; has context; jail)(robs bank; has context; jail)(jail example; has context; jail)

(broccoli; has property; broccoli significantly)(candy; capable of; fat leading)(hot cheetos; capable of; fat leading)(broccoli significantly; has context; hot cheetos)
(core; desires; filled with)(x; desires; spare ribs)(x; synonym of; ’ s)(moon; not capable of; filled with)(’ s; capable of; filled with)
(violent video games; used for; teens violent)(teens; desires; teens violent)(violent teens; desires; teens violent)(teens violent; not capable of; violent)
(astrology; is a; 75,000,000)(astrology; capable of; believe astrology)(75,000,000; not capable of; truth)(75,000,000; capable of; affect people)(25 americans; causes; affect people)(affect people; is a; 000 000)
(male skin care; capable of; looking good)(male skin care; capable of; try product)(try product; causes; age willing)(try product; causes; kutcher commercial)
(social media challenge; capable of; challenge good)(challenge good; causes; logical fallacy)
(murder; has context; murder morally)(abortion; synonym of; abortion morally)(abortion; has context; murder morally)(murder morally; synonym of; morally wrong)
(party; capable of; gerald ruined)(gerald; capable of; gerald ruined)(gerald ruined; has context; showed up)(gerald ruined; causes; party going)(party going; causes; showed little)(collecting coats; causes; showed little)

(new home; has context; great let)(great let; synonym of; buy it)
(new; created by; frisbee)(vinyl; causes; converted frisbee)(converted frisbee; is a; new)(converted frisbee; capable of; hate entire)

(attendance starving; capable of; taking attendance)(attendance starving; has context; starving children)(attendance starving; used for; children world)
(no one; capable of; think attractive)(think attractive; has context; purchase our product)(think attractive; causes; purchase product)(purchase product; causes; product going)(going think; causes; product going)
(senator lewis; capable of; fund missile)(missile attack; desires; fund missile)(defenseless; has context; leave us)(fund missile; causes; leave defenseless)(leave defenseless; causes; defenseless)(leave defenseless; causes; program disagree)
(emotional appeal; capable of; speaks concept)(speaks concept; has context; you should)
(comrade; is a; referred comrade)

(federal income tax; has property; huge bonuses)(federal income tax; capable of; cheat federal)(cheat federal; is not a; unpatriotic)(ve listed; antonym of; unpatriotic)(ve listed; synonym of; cheat)
(natural happy sunshine; causes; ’)(’; capable of; saggy breasts)(’; capable of; much better)(’; has context; your grocery store)(i shop; used for; ’)(nhss; desires; ’)(everything is natural; causes; much better)
(vitamin; is a; sick vitamin)(sick vitamin; capable of; took vitamin)(took vitamin; antonym of; ill)
(get verizon; used for; verizon billion)(verizon billion; part of; 1 billion people)(verizon billion; capable of; people wrong)(people wrong; antonym of; wrong)
(company; desires; raise company)(raise company; capable of; raise)(raise company; not capable of; bankrupt)(raise company; capable of; goes bankrupt)
(atheists; causes; atheists morally)(atheists morally; synonym of; morally bankrupt)
(quit school; causes; felt betrayed and)(felt betrayed and; has context; outcast)(felt betrayed and; has context; like outcast)(felt betrayed and; has context; year wanted)(new middle school; capable of; felt betrayed and)(friends felt; capable of; felt betrayed and)
(global warming; causes; suffer cold)(homeless; desires; consider homeless)(cold; capable of; suffer cold)(consider homeless; has context; homeless suffer)(consider homeless; causes; suffer cold)(consider homeless; is a; order really)
(music videos; capable of; depiction women)(women; capable of; depiction women)(thousands of women; capable of; depiction women)(depiction women; is a; negative)(depiction women; has context; dying of aids)(worry negative; has context; negative)(aids year; causes; worry negative)
(donald trump; capable of; low-energy)(jeb bush; capable of; low-energy)(low-energy; desires; mocked)(low-energy; part of; romney)(low-energy; has context; walking)(low-energy; has context; like penguin)
(french people; synonym of; julie french)(julie; synonym of; julie french)(julie french; desires; kissing)(kissing julie; desires; kissing)(kissing julie; capable of; great kissing)(great kissing; causes; date)
(handed out i-pads; used for; pads use)(pads use; has context; quizizz)(pads use; capable of; robot subs)
(thunderstorm; causes; thunderstorm rain)(thunderstorm rain; capable of; finish homework)(finish homework; has context; finish)(finish homework; has context; homework)(rain did; capable of; finish homework)
(sinister fisherman; desires; suspicious smile)(suspicious smile; used for; innocent children)(frightened; used for; innocent children)

(everyone else; capable of; believes true)(believes true; synonym of; believes)(believes true; synonym of; must be true)
(fast food; capable of; devour)(devour; has context; bob)(devour; has context; hypocrite)(devour; has context; 64 ounces of)(triple-baconator; capable of; 64 ounces of)(super-sized fries; capable of; added sugars)(64 ounces of; capable of; added sugars)
(speaker 1; used for; talk speaker)(speaker; used for; talk speaker)(talk speaker; capable of; talk)(talk speaker; capable of; ll talk)(speaker ll; desires; making you)(speaker ll; capable of; talk)(ll talk; causes; ways making)
(cowboys; capable of; cheer texans)(mrs.; capable of; cheer texans)(gibson; capable of; cheer texans)(cheer texans; has context; houston)(mrs gibson; capable of; cheer texans)
(everyone is; synonym of; you should too)(you; synonym of; you should too)(you should too; synonym of; doing it)
(join crowd; synonym of; join the crowd)(join crowd; not capable of; left behind)(crowd don; desires; left behind)


(a; has context; first day)(a; synonym of; boring course)
(eugene; desires; harry silly)(harry; desires; harry silly)(harry silly; synonym of; silly)
(technology; is a; technology old)(technology old; synonym of; too old)(technology old; synonym of; too old !)(technology old; part of; know technology)
(everybody; synonym of; everybody late)(everybody late; is a; late)(everybody late; capable of; lunch shouldn)(lunch shouldn; has context; shouldn matter)
(people; desires; album good)(album good; synonym of; bought)(album good; is not a; good)(bought album; is a; good)
(vaccinations; capable of; vaccines blame)(vaccines; capable of; vaccines blame)(vaccines blame; causes; diagnosed autism)(diagnosed autism; has context; autism)
(parents democrats; part of; democrats)(parents democrats; capable of; democrats good)(democrats good; synonym of; good people)(people democrats; part of; good people)
(mermaids; capable of; prove mermaids)(prove mermaids; is a; fallacy)(prove mermaids; causes; example fallacy)
(greek gods; has property; gods real)(modern day gods; has property; gods real)(gods real; synonym of; mythical)(mythical modern; synonym of; mythical)(mythical modern; has context; real)
(senator; has property; millionaire worry)(tax increase; causes; hard understand)(millionaire worry; desires; tax increase)(millionaire worry; part of; millionaire)
(flip-phone; used for; flip phones)(flip phones; used for; friends)(flip phones; part of; flip-phones)
(chiefs; has property; chiefs going)(everybody; desires; suddenly fan)(chiefs going; capable of; suddenly fan)(suddenly fan; has context; super bowl)(suddenly fan; used for; bowl everybody)

(nicholas; part of; alexis)(apple; is a; alexis)(alexis; has context; vegetable)(alexis; capable of; don listen)(nicholas apple; is a; alexis)


(donald; has property; treasurer didn)(uncle; capable of; embezzling million)(treasurer didn; has context; class treasurer)(treasurer didn; capable of; embezzling million)(donald class; causes; embezzling million)(embezzling million; causes; hear uncle)
(birthday party; part of; party micah)(party micah; part of; friends)(party micah; capable of; friends coming)(friends coming; has context; tell doesn)
(donkeys; has property; asses fish)(asses fish; synonym of; fish..)(asses fish; capable of; fish)(donkeys fish; causes; asses donkeys)(asses donkeys; synonym of; fish..)
(’; capable of; ve flu)(take my vitamins; synonym of; flu vitamins)(everyday; synonym of; flu vitamins)(flu vitamins; capable of; ve flu)
(hairspray; causes; hairspray world)(ban hairspray; causes; hairspray world)(hairspray world; desires; ban)(world end; not desires; ban)
(speaker; capable of; ridicule refute)(ridicule; causes; ridicule refute)(ridicule refute; has context; deliberately poor)(ridicule refute; has context; refute an idea)
(fruit smoothies; capable of; good for you)(smoothies; not capable of; good for you)(good for you; created by; portable)

(christmas; desires; get rid of)(rid christmas; has context; a)(rid christmas; causes; happy holidays)(rid christmas; has context; merry christmas.)(rid christmas; is a; b)(employees say; capable of; happy holidays)(employees say; desires; get rid of)
(our countrymen; desires; terrorist bomb)(terrorist ’; desires; brought down the)(people; desires; terrorist bomb)(terrorist bomb; used for; terrorist ’)(terrorist bomb; part of; the government is)(terrorist bomb; used for; aircraft countrymen)
(marathon; has property; marathon impossible)(marathon impossible; causes; trying finish)(trying finish; is a; impossible)
(teacher; capable of; hate)(students; capable of; hate)(students; desires; receiving zero)(receiving zero; has context; homework)(receiving zero; causes; teacher receiving)(homework students; causes; teacher receiving)
(german; used for; germans thieves)(fred; part of; germans thieves)(germans; used for; germans thieves)(thieves; capable of; stole my wallet)(germans thieves; part of; thieves)
(person; capable of; grow)(person; capable of; argue logic)(person 2; capable of; grow)(argue logic; has context; open your mouth)(facts person; capable of; argue)(facts person; has context; logic facts)(facts person; capable of; argue logic)
(cadet curry; has property; arnold)(cadet; has property; arnold)(arnold; has property; most active)(arnold; has property; highest performing)(highest performing; has context; highest-performing)(highest performing; has property; cap longer)(award active; has property; cap longer)
(change remain; antonym of; remain the same)
(gun-control; capable of; crime decreased)(crime decreased; has context; crime)
(capital punishment; is a; legal fallacy)(legal fallacy; has context; adam)(legal fallacy; is not a; legal)(legal fallacy; has context; adam isn)(legal fallacy; causes; funtrivia com)(example http; is a; wrong)(example http; has context; legal)
(premise; synonym of; omnivores)(all black bears; synonym of; omnivores)(all raccoons; synonym of; omnivores)(black bears; synonym of; omnivores)(omnivores premise; synonym of; omnivores)
(indoor track team; is a; school rules)(school rules; capable of; team written)(team written; has context; against the rules)(team written; has context; written up)
(’; has context; good person)(’; part of; church)
(student; capable of; students texting)(texting; used for; students texting)(cell phones; used for; students texting)(students texting; desires; phones banned)(phones banned; not desires; banned)
(temperature; causes; headache cold)(cold weather; capable of; headache cold)(headache cold; capable of; dropped)(headache cold; has context; headache)(weather causing; has context; headache)
(abandoned animals; desires; donation help)(small donation; causes; donation help)(commercial abandoned; capable of; donation help)
(good politician; used for; politician play)(politician play; capable of; dirty drop)(dirty drop; synonym of; play dirty)(dirty drop; antonym of; drop out)
(professor; desires; late class)(late class; capable of; hard grader)(late class; synonym of; always)(late class; synonym of; late for class)(late class; synonym of; always late for)(late class; has context; don know)
(cadet program; has context; purpose cadet)(air force; has context; wing commander)(air force; capable of; purpose cadet)(basic military training; has property; purpose cadet)(wing commander; capable of; prepare youth)(purpose cadet; is a; true heard)
(dentists; capable of; recommend toothpaste)(recommend; has context; recommend toothpaste)(toothpaste; desires; recommend toothpaste)(recommend toothpaste; capable of; 20 recommend)(toothpaste asked; causes; recommend toothpaste)
(universe; desires; understanding universe)(understanding universe; is a; good understanding)(understanding universe; part of; our)(understanding universe; capable of; exactly began)(exactly began; is a; said good)
(people; part of; academic year)(people; capable of; unemployed)(people; desires; crime rate)(unemployed; used for; crime)(unemployed; has context; estará desempleada)(freeze academic; causes; unemployed)(estará desempleada; causes; society collapse)
(14 year-old; desires; tonight wedding)(wedding; causes; tonight wedding)(wedding kids; has context; her)(wedding kids; capable of; first date)(tonight wedding; has context; first date)
(bear arms; has property; soon constitutionally)(bear arms; has property; given rights)(constitutionally-given; has context; given rights)(soon constitutionally; desires; taken away)(limits right; has context; rights)(limits right; desires; taken away)
(a; is a; true true)
(beating your; used for; beating wife)(wife; used for; beating wife)(beating your wife; used for; beating wife)
(california; part of; lived california)(lived california; has context; family)(lived california; capable of; surfs)(lived california; has context; said lived)
(holly; capable of; just autism)(vaccinations; used for; alice)(vaccinations; capable of; just autism)(just autism; causes; autism)(just autism; is a; children scientifically)(children scientifically; has context; said claim)
(bathroom; has property; bathroom example)(bathroom example; used for; everybody)(teacher let; used for; everybody)(teacher let; capable of; want)(teacher let; capable of; everybody want)
(space aliens; capable of; logical fallacy)(logical fallacy; has context; exist real)
(trait order; capable of; tear them down)(trait order; capable of; more effectively)
(40 million people; desires; wrong buy)(new iphone xiv; capable of; wrong buy)
(smoking pot; is a; pot law)(smoking pot; is a; wrong law)(wrong law; synonym of; against the law)(wrong law; synonym of; wrong)(wrong know; synonym of; wrong)

(teacher; capable of; unwilling to)(lazy; used for; student)(lazy; has context; unwilling to)(unwilling to; causes; didn teach)(teacher lazy; capable of; unwilling to)(didn teach; causes; learn right)
(which fallacy; synonym of; fallacy following)(by rejecting god; causes; fallacy following)(fallacy following; capable of; kindness love)(kindness love; has context; following example)(kindness love; synonym of; love)(kindness love; causes; love itself)
(dog; synonym of; ginger dog)(adorable; causes; ransacked kitchen)(ginger dog; capable of; adorable)(mary look; has context; ransacked)(ransacked kitchen; not desires; ransacked)
(civil war; synonym of; sm 6 :)(civil war; causes; north invading south)(sm 6; synonym of; civil war)
(test; capable of; supported validity)(supported validity; synonym of; validity)(supported validity; causes; critical methodological flaws)(supported validity; has context; not valid)(supported validity; has context; probably not valid)
(earthquakes; has context; earthquakes andes)(earthquakes andes; capable of; uranus caused)(uranus caused; has context; closest approaches)(uranus caused; has context; planet)(uranus caused; has context; uranus)(uranus caused; causes; approaches planet)
(attaching; used for; attaching argument)(attaching; used for; argument person)(attaching argument; is a; false)(attaching argument; causes; give credence)(attaching argument; causes; person false)(person false; has context; false or appeared)
(idea popular; is a; form)(idea popular; capable of; popular..)(popular correct; has context; popular..)(popular correct; is a; correct)
(bible; desires; bible true)(god exists; has context; must exist)(god; capable of; must exist)(god; has property; bible true)
(parking ticket; capable of; dangerous offenses)(parking ticket; has property; far dangerous)(far dangerous; desires; pay)
(shopping; used for; shopping girls)(shopping; part of; love shop)(girls; capable of; shopping girls)(shopping girls; has context; girls love)(love shop; synonym of; loves)(love shop; synonym of; shop)
(speaker; used for; war speaker)(war speaker; causes; speaker hate)(speaker hate; synonym of; against the war..)(speaker hate; has context; hate our troops)(speaker hate; causes; hate troops)
(vote for me; capable of; vote live)(vote live; synonym of; higher taxes)

(public speaking classes; used for; classes company)(classes company; capable of; team engaged)(team engaged; causes; more engaged employees)(team engaged; causes; employee engagement)(team engaged; causes; proves mandatory)(proves mandatory; has context; mandatory)
(violence; desires; what fallacy)(absolute; used for; artistic)(absolute; used for; what fallacy)(what fallacy; causes; fallacy example)(violence music; created by; artistic)(fallacy example; causes; censorship forms)(censorship forms; causes; process eventually)
(raising money; used for; disease donate)(disease donate; capable of; cure)(disease donate; synonym of; donate)
(sm 7; synonym of; no global warming)
(paranormal activity; is a; activity real)(activity real; has context; real)
(miracle; capable of; rock float)(large rock; capable of; rock float)(supernatural powers; desires; rock float)(rock float; part of; martyrs)(rock float; capable of; remember martyrs)
(luisa; capable of; listen luisa)(listen luisa; causes; recent activities)(lies recent; causes; recent activities)(lies recent; has context; eapp class)

(windmill; is a; unnecessary)(debate-; has context; unnecessary)(unnecessary; not capable of; better living conditions)(unnecessary; not capable of; more work)(conditions napoleon; capable of; less work)(conditions napoleon; capable of; more work)
(fast food; has context; bob)(fast food; capable of; triple-baconator)(hypocrite; desires; better)(triple-baconator; capable of; 64oz of soda)(super-sized fries; capable of; added sugars)(super-sized fries; capable of; hypocrite)(64oz of soda; capable of; added sugars)

(president bush; desires; open arctic)(oil drilling; desires; open arctic)(open arctic; used for; arctic national wildlife)(open arctic; used for; oil industry)
