(big cars; capable of; hate environment)(big cars; used for; people drive)(hate environment; synonym of; hate)(hate environment; not desires; punished)
(white men; capable of; men jump)(men jump; not capable of; jump)(men jump; capable of; jump really)
(people; capable of; people stealing)(people stealing; desires; stealing)(people stealing; is a; logical fallacy)(lower year; desires; stealing)(lower year; has context; example kind)
(wifi; has property; wifi weak)(wifi weak; capable of; hitting computer)(hitting computer; has context; hitting your computer)(weak hit; synonym of; hitting your computer)(weak hit; has context; hit my computer)
(all; used for; clowns bad)(students; part of; clowns bad)(bad; antonym of; good)(clowns bad; is not a; good)(clowns bad; synonym of; clowns)(clowns bad; has context; good clowns)
(people; capable of; increase hate)(proposed state minimum; capable of; increase hate)(increase hate; used for; hate the poor)(increase hate; created by; logical fallacy)

(paige; part of; her father)(guitar solo; has context; father horrible)(her father; not capable of; horrible musician)(paula good; has context; her father)(father horrible; has context; horrible musician)
(sister-in-law; capable of; send children)(a; capable of; send children)(teacher; capable of; send children)(school; desires; said school)(send children; has context; not somewhere)(said school; synonym of; send my children)(said school; synonym of; not somewhere)
(kills; synonym of; deadly)(kills; synonym of; kills deadly)(kills deadly; synonym of; deadly)
(rooster; synonym of; crows sun)(crows; used for; crows sun)(crowing rooster; synonym of; crows sun)(crows sun; capable of; sun to rise)(causes sun; causes; sun rises)(causes sun; causes; sun to rise)
(1; has context; number number)(2; has context; number number)(number number; capable of; 1 = 2)
(attacking; used for; man attacking)(attacking individual; has context; against the man)(attacking individual; part of; individual)(man attacking; has context; against the man)
(everyone; desires; using product)(using; used for; using product)
(mayor; capable of; trust mayor)(governor; has property; trust mayor)(politicians; desires; trust mayor)(trust mayor; causes; politicians liars)(politicians liars; has context; liars)
(all french like; synonym of; don really)(cheese french; has context; all french like)(french don; has context; all french like)(don really; synonym of; french)(don really; synonym of; not really be)(don really; antonym of; cheese don)
(everyone; desires; weekend aren)(smart phone; capable of; phone comes)(phone comes; is a; new)(phone comes; capable of; weekend aren)
(encampment; has context; cap equivalent)(basic training; capable of; cap equivalent)(encampment like; has context; cap equivalent)(cap equivalent; has context; boot camp)(cap equivalent; causes; equivalent boot)
(john; capable of; warming tree)(global warming; capable of; warming tree)(tree hugger; capable of; warming tree)(warming tree; part of; john opinion)
(kerry; has property; kerry plan)(kerry; desires; plan raise)(first hundred days; desires; plan raise)(plan raise; capable of; raise taxes)(billion days; causes; raise taxes)
(repeating; capable of; repeating thing)(repeating thing; has context; proving something)(thing proving; has context; proving something)
(iphone cool; synonym of; cool)(everybody iphone; synonym of; cool)
(russia; capable of; russia terrible)(united states; capable of; human rights abuses)(human rights abuses; capable of; terrible human rights)(human rights abuses; has context; bad)(human rights abuses; has context; bad country)(human rights abuses; causes; president confronted)(russia terrible; causes; human rights abuses)
(philippines; used for; philippines poverty)(philippines poverty; synonym of; poverty)(philippines poverty; synonym of; poor people)


(westener; synonym of; westener idiot)
(researchers; has property; researchers frauds)(researchers frauds; causes; frauds don)(frauds don; is a; frauds)(frauds don; not capable of; earn their salaries)(earn salaries; antonym of; earn their salaries)(don earn; antonym of; earn their salaries)
(child; synonym of; children lazy)(children; capable of; children lazy)(children lazy; capable of; did chores)(did chores; synonym of; chores)(did chores; antonym of; lazy)
(party-mates; synonym of; party sure)(party sure; part of; political party)(party sure; not capable of; biased)
(buick; capable of; buy buick)(frequent transmission problems; capable of; obviously break)(buy buick; causes; frequent transmission problems)(obviously break; not desires; buy a)

(psychology department; causes; approach therapy)(approach therapy; has context; ineffective approach)(teaching ineffective; has context; ineffective approach)
(bill; capable of; sounds wonderful)(new operating system; capable of; sounds wonderful)(steve; capable of; sounds wonderful)(windows vista; capable of; sounds wonderful)(windows vista; capable of; install it)(windows vista; capable of; install computers)(install it; has context; all)
(easter bunny; capable of; based creature)(based creature; part of; faith)(based creature; created by; believe in god)(based creature; part of; creature)
(truly; used for; test psychological)(cramming; used for; test psychological)(test psychological; capable of; test crowded)
(certain way; capable of; act believe)(act believe; synonym of; right way)(act believe; has context; the right way)
(clouds; has property; clouds dark)(clouds; used for; time clouds)(clouds dark; capable of; go inside)(time clouds; capable of; tornado)(inside time; not desires; go inside)
(everyone; desires; doing good)(doing good; synonym of; doing)(doing good; synonym of; good thing)
(an ad; capable of; moving sunnyville)(real estate agents; capable of; moving sunnyville)(moving; capable of; moving sunnyville)(moving to sunnyville; capable of; moving sunnyville)
(cheating; used for; cheating tests)(cheating tests; desires; stopped)(cheating tests; has context; cheated)(cheating tests; capable of; means cheated)
(ugly class; synonym of; too ugly)(ugly class; synonym of; class president)
(cracking down on; used for; cracking terrorism)(cracking terrorism; has context; method)(cracking terrorism; capable of; stop method)(stop method; causes; hasn worked)
(40 million people; desires; wrong buy)(new iphone xiv; capable of; wrong buy)
(love your family; synonym of; stealth security)(new stealth; synonym of; stealth security)(new stealth; used for; love family)(love family; capable of; buy new)
(school shootings; capable of; shootings tolerate)(gun laws; desires; shootings tolerate)(shootings tolerate; has context; tolerate)(shootings tolerate; causes; tolerate change)(change gun; desires; change)(change gun; causes; tolerate change)
(president trump; synonym of; olympics kids)(children; desires; olympics kids)(special olympics; has property; bunch losers)(kids; desires; olympics kids)(olympics kids; has context; bunch losers)(bunch losers; is a; year special)(year special; synonym of; losers)
(competitors; capable of; rev-up energy)(rev-up energy; capable of; unhealthy sugar)(rev-up energy; has context; substitutes artificial)
(class attending; capable of; pass)(class attending; capable of; don attend)(don attend; causes; possible pass)(possible pass; has context; attending regularly)(possible pass; has context; attend regularly)
(flunked test; has context; never)(flunked test; synonym of; flunked)(shouldn flunked; synonym of; flunked)
(parents; synonym of; parents angry)(parents angry; causes; home course)(course parents; has property; home course)(home course; capable of; angry)
(work ethic; part of; ethical person)

(judicial electing; synonym of; broken judicial system)(judicial electing; part of; electing new people.)(judicial electing; synonym of; logical fallacy)(judicial electing; capable of; fix broken)


(person seen; capable of; ghosts exist)(person seen; capable of; ghosts)(friend reliable; created by; ghosts exist)
(pledge allegiance; synonym of; pledge of allegiance)(pledge allegiance; not capable of; traitor)(allegiance traitor; synonym of; traitor)

(red-headed friends; synonym of; red-headed people)(red-headed friends; desires; dancers assumption)(dancers assumption; has context; good dancers)(dancers assumption; causes; red headed)(red headed; has context; good dancers..)(red headed; causes; friends good)


(jack; desires; jack prove)(invisible unicorns; has context; anus nick)(jack prove; has context; anus)(jack prove; capable of; anus nick)(anus nick; has context; nick)(don; has context; nick)

(voting for; has context; democrat ll)(smith; capable of; voting smith)(smith; capable of; democrat ll)(whole family; capable of; democrat ll)(voting smith; is a; democrat)(democrat ll; desires; voting that way)(democrat ll; causes; voting way)
(affirmative action; causes; racial prejudice)(racial prejudice; not desires; eliminate)(laws end; desires; eliminate)
(varsity swim team; capable of; just one mistake)(just one mistake; causes; honor son)(just one mistake; causes; affect rest)(alcohol shouldn; causes; honor son)
(dementia; has context; dementia drinking)(wikipedia; has context; link)(dementia drinking; is a; link)(dementia drinking; has context; drinking energy drinks)(definitely link; synonym of; link)
(assumes situation; causes; additional logically valid)
(cocaine; is a; cocaine natural)(cocaine; is a; natural good)(natural good; synonym of; natural)(natural good; synonym of; good for you)
(freehold raceway mall; part of; mall best)(mall best; synonym of; best mall)
(insanity; part of; insanity defense)(insanity; has property; sm argument)(insanity defense; synonym of; sm 5 :)(insanity defense; has context; sm 5)(sm argument; synonym of; defense against execution)(defense execution; has context; defense against execution)
(minimum-wage legislation; used for; legislation workers)(workers; desires; legislation workers)(minimum wage; used for; legislation workers)(legislation workers; not capable of; exploited..)
(disney annual pass; capable of; buy disney)(buy disney; causes; save money)(buy disney; causes; happiest place)(buy disney; causes; money visiting)
(god; capable of; god exist)(god; is a; exist culture)(culture; has property; exist culture)(exist culture; at location; higher being)(culture sort; has context; higher being)(culture sort; capable of; sort belief)(sort belief; not desires; must exist)
(turkey vegan; has context; go vegan)(turkey vegan; causes; eat turkey)(eat turkey; causes; eat dog)(eat dog; causes; wouldn eat)(wouldn eat; has context; kids wouldn)
(be a communist; synonym of; capitalist communist)(capitalist communist; has context; capitalist)(aren capitalist; synonym of; capitalist)
(homeless shelter; capable of; goes church)(honest; has context; morally straight)(honest morally; is a; honest)(honest morally; causes; income needy)(income needy; capable of; goes church)
(heroin users; desires; end heroin)(smoking pot; causes; end heroin)(end heroin; has context; heroin user)(end heroin; capable of; pot ll)
(earth; synonym of; earth round)(earth round; synonym of; round)(earth round; part of; trump)(round trump; synonym of; round)
(responsibility; used for; responsibility care)(poor lost dog; part of; responsibility care)
(attacking someone; part of; attacking shift)(attacking shift; part of; personally)(attacking shift; capable of; shift attention)
(still; synonym of; beat your wife)(beat your wife; synonym of; still)(beat wife; synonym of; still)
(friend enemy; antonym of; ``)(friend enemy; antonym of; be my friend)(friend enemy; antonym of; be my enemy)
(national spelling; capable of; great spellers)(indian american; capable of; great spellers)(indian americans; capable of; great spellers)
(dad; synonym of; smoked age)(smoked age; has context; dad know)(know smoked; desires; smoked)(know smoked; desires; age tell)(dad know; synonym of; smoked)
(democrats; has property; example fallacy)(example fallacy; desires; border wall)(example fallacy; capable of; americans safe)(example fallacy; is a; fallacy)(mexico means; capable of; want border)(want border; causes; americans safe)
(cat stevens; capable of; musician let)(musician let; capable of; forget accused)(forget accused; synonym of; successful)(forget accused; has context; extremist)(forget accused; has context; successful and skilled)(forget accused; causes; extremist religious)(forget accused; causes; successful skilled)
(pay taxes; used for; taxes jail)(taxes jail; has context; go to jail)
(new car; used for; mall won)(new car at; used for; mall won)(mall won; capable of; like past)
(sneeze times; synonym of; sneeze more)(sneeze times; synonym of; corona virus)(sneeze times; synonym of; sneeze more than)
(somatostatin; has context; standard practice)(acute pancreatitis; capable of; reasonable choice)(acute pancreatitis; has context; standard practice)(acute pancreatitis; capable of; stopping use)(standard practice; used for; use)(somatostatin patients; has context; standard practice)(stopping use; is not a; consider reasonable)
(women married; desires; been)(women married; has context; married and divorced)(women married; has context; five times)(women married; capable of; opponent possibly)(opponent possibly; is not a; good choice)(possibly good; has context; good choice)
(explaining; has context; institution of slavery)(u.s. civil war; capable of; institution slavery)(institution slavery; synonym of; institution)(institution slavery; part of; institution of slavery)

(she; is a; too old)(stole; causes; billions pesos)(too old; not desires; locked up)(shouldn jail; has context; billions of pesos)(shouldn jail; has context; locked up)(billions pesos; not desires; locked up)
(marcoses; desires; project murdering)(murderers and plunderers; has property; plunderers lend)(plunderers lend; capable of; project murdering)(project murdering; causes; money school)(money school; causes; grade just)
(drinking fountain; capable of; fountain sick)(public fountain; capable of; took drink)(fountain sick; causes; took drink)(took drink; is a; sick)
(she; desires; works for the)(she; desires; protest weak)(works; synonym of; protest weak)(government; desires; protest weak)(protest weak; used for; protest)(protest weak; is a; weak)(protest weak; synonym of; fair)
(turn homework; has context; homework)(turn homework; capable of; call home)(turn homework; capable of; getting a call)(turn homework; causes; getting home)(don turn; causes; getting home)
(god; desires; god doesn)
(number number; synonym of; 1 = 2)
(sending; used for; 16s syrian)(m-16s; has context; 16s syrian)(syrian rebels; desires; 16s syrian)(16s syrian; has context; damascus)(16s syrian; causes; boots ground)(boots ground; has context; boots on)(boots ground; has context; boots on the)
(rainbow; causes; team rainbow)(basketball; capable of; team rainbow)(team rainbow; has context; spring)(team rainbow; has context; make the team)(spring sure; has context; make the team)(spring sure; causes; appeared sky)
(charlie; desires; cut)(schools; desires; cut)(cut; used for; bob)(military spending; capable of; more money)(charlie think; desires; put)(charlie think; desires; more money)(charlie think; desires; cut)
(death penalty; has context; don expect)(don expect; causes; scare criminals)
(mercury; desires; ball mercury)(ball mercury; is a; retrograde)(mercury retrograde; synonym of; dropped the ball)(mercury retrograde; is a; retrograde)
(stay out; has context; 10pm)(stay 10pm; synonym of; later curfew)(stay 10pm; part of; 10pm)
(tanya; has property; tanya dollars)(tanya dollars; has property; brother russia)(brother russia; has property; five hundred dollars)(brother russia; has property; like letting)(like letting; causes; away college)
(people; desires; cities friendly)(big cities; synonym of; cities friendly)(cities friendly; has context; not)(friendly small; has context; not)(people big; has context; not)
(don steal; causes; steal)(don steal; causes; end bankrupt)(end bankrupt; antonym of; bankrupt)(end bankrupt; causes; stop ll)
(using positive words; capable of; words associated)(company; desires; words associated)
(collier; desires; collier quiz)(new season; has context; game of thrones)(new season; has context; collier quiz)(collier quiz; has context; quiz)(tomorrow new; has context; quiz)
(brother; capable of; vaccine diarrhea)(vaccine; capable of; vaccine diarrhea)(vaccine diarrhea; has context; covid-19 vaccine)(vaccine diarrhea; has context; diarrhea)(vaccine diarrhea; causes; covid 19)
(tony; has property; godless)(tony; desires; church information)(godless; used for; license)(license; part of; origin of life)(license; is not a; accident)(origin life; antonym of; accident)

(bachelors; has property; bachelors unmarried)(bachelors unmarried; synonym of; unmarried males)
(piece of chocolate; used for; chocolate tomorrow)(gained 20 lbs; capable of; don eat)(one piece of; synonym of; piece of chocolate)(one piece of; capable of; gained 20 lbs)(one piece of; has context; do n't eat)(you; synonym of; do n't eat)
(she; desires; picture country)(cowboy boots; part of; picture country)(instagram; used for; picture country)(picture country; desires; into)(picture country; part of; country music)
(fallacy; has context; proof don)(proof don; synonym of; proof)(proof don; synonym of; proof of anything)(don know; antonym of; proof of anything)
(people cheat; used for; lots people)(lots; synonym of; lots people)(lots people; has context; big deal)(deal lots; has context; big deal)
(fast food; capable of; 64 ounces of)(hypocrite; desires; better)(triple-baconator; has context; bob)(triple-baconator; capable of; 64 ounces of)(super-sized fries; capable of; added sugars)(super-sized fries; capable of; hypocrite)(64 ounces of; capable of; added sugars)
(homework; desires; homework using)(homework using; has context; am using)(homework using; has context; i)(tell teacher; is not a; am using)
(teachers; desires; classes hard)(english; capable of; classes hard)(english classes; capable of; classes hard)(classes hard; not capable of; lives)(classes hard; has context; hard)(said english; not capable of; lives)
(dr. mckenzie; capable of; fly true)(kids; capable of; kids fly)(kids fly; capable of; fly true)(dr mckenzie; capable of; fly true)(said kids; capable of; fly true)

(irishman; capable of; drunk)(friendly; has context; outgoing)(outgoing; causes; drunk)(friendly outgoing; has context; outgoing)
(skinny jeans; capable of; everyone is wearing)(skinny jeans; part of; american eagle)
(aristotle; capable of; smartest)(women; capable of; smartest)(smartest; not capable of; inferior)(men aristotle; capable of; smartest)(women inferior; antonym of; inferior)
(more trouble; causes; family starve)(early day; causes; losing job)(late trouble; causes; family starve)(losing job; causes; late)(losing job; causes; late trouble)
(schools; capable of; discipline students)(teachers; capable of; discipline students)(discipline students; used for; families)(discipline students; desires; discipline)(discipline students; desires; parents allowed)(teachers like; capable of; discipline)
(people; desires; vote emotions)(vote emotions; causes; vote)(vote emotions; synonym of; their emotions)(vote emotions; not capable of; their brains)(nowadays vote; has context; their brains)
(shark katie; part of; lucas)(shark katie; part of; katie)(shark katie; part of; false memory)
(malltime game app; capable of; app success)(little girls; capable of; shopping)(little girls; capable of; app success)(app success; has context; success)(think new; not capable of; success)
(leonardo dicaprio; used for; know climate)(climate change; part of; know climate)(know climate; has context; dumb actor)(just dumb; synonym of; dumb actor)(does really; synonym of; dumb actor)
(teenagers; capable of; teenagers rude)(teenagers rude; synonym of; rude and disrespectful)(disrespectful teenagers; synonym of; rude and disrespectful)
(caroline; has property; girl jenna)(girl jenna; part of; friends)(girl jenna; synonym of; new girl)(girl jenna; part of; girls)(girl jenna; capable of; rude new)
(opponent; part of; knows wife)(wife; capable of; moved town)(knows wife; desires; trust him)(moved town; is not a; trust him)
(question of jobs; causes; question jobs)(president tired; used for; jobs)(president tired; causes; question jobs)(question jobs; has context; sent overseas)(question jobs; causes; overseas question)
(malltime game app; causes; success girls)(girls; desires; shopping)(girls; desires; success girls)(success girls; not capable of; success)(think new; is not a; success)
(compromise; has context; extremes truth)(two extremes; desires; extremes truth)(compromise extremes; causes; extremes truth)(saying compromise; causes; extremes truth)(extremes truth; has context; the truth)
(christine; capable of; christine terrible)(boyfriend; capable of; boys mean)(boys; capable of; christine terrible)(boys; capable of; boys mean)(boys mean; synonym of; terrible experience)
(mob; desires; immigrants)(lower taxes; desires; get rid of)(taxes; desires; get rid of)(illegal immigrants; desires; get rid of)(mob of people; desires; get rid of)(immigrants; capable of; lower taxes)
(al gore; capable of; companies irresponsible)(companies; capable of; companies irresponsible)(companies irresponsible; has context; allowing emissions)(companies irresponsible; causes; emissions causes)(emissions causes; has context; irresponsible)(emissions causes; causes; global warming)(emissions causes; causes; punished allowing)
(president; is a; president good)(president good; capable of; admire)(president good; synonym of; good role model)(says lousy; antonym of; good role model)(says lousy; antonym of; lousy role model)
(says liar; capable of; liar going)(liar going; has property; liar)(liar going; causes; going talk)
(hot chocolate go; used for; hot chocolate)(hot chocolate; capable of; street crime drops)
(john; desires; john good)(project management; part of; john good)(john good; not capable of; lot of experience)(john good; used for; project management..)(john good; has context; don think)
(iphone x; capable of; buy iphone)($ 999; causes; buy iphone)(buy iphone; causes; tag friends)(tag friends; causes; spite 999)

(alex; desires; dropped out of)(global warming; desires; don believe)(dropped out of; causes; don believe)(warming alex; desires; dropped out of)(dropped college; desires; dropped out of)(don believe; causes; says global)
(mcdonald; has property; world example)(100; is a; world example)(mcdonald 's; has property; world example)(world example; part of; best fast food)
(latin; has property; latin taught)(not spoken; causes; practical use)(latin taught; has property; value dead)(value dead; has property; practical use)(practical use; has context; school)(practical use; has context; spoken world)
(lend money; used for; money looks)(money looks; capable of; don job)
(human race; desires; race doomed)(race doomed; causes; work harder)(race doomed; synonym of; doomed)
(sister; desires; programming emmy)(reality television; causes; fact sister)(programming emmy; synonym of; educational programming)(programming emmy; causes; fact sister)(fact sister; causes; try tell)
(allowing abortion; used for; abortion week)(first week; synonym of; abortion week)(abortion week; capable of; lead allowing)(lead allowing; has context; ninth month)
(mr. gough; capable of; supports cell)(teachers; capable of; supports cell)(cell phones; desires; supports cell)(teachers keep their; has context; supports cell)(supports cell; synonym of; cell phone)

(speaker or writer; capable of; trustworthiness writer)(trust; used for; appeals audience)(trustworthiness writer; synonym of; trust)(trustworthiness writer; synonym of; credibility)(trustworthiness writer; part of; credibility or trustworthiness)

(flight attendants; capable of; taken flights)(taken flights; has context; nicest)
(passing grade; capable of; accepted medical)(passing grade; used for; grandmother heart)(medical school; capable of; accepted medical)
(washes dishes; has context; washes the dishes)(washes dishes; has context; good)(washes dishes; has context; just good)(dishes just; has context; good)(certainly washes; has context; good)

(church; desires; heaven money)(heaven money; has context; give your money)(heaven money; causes; 10 income)(free child; has context; heaven)(free child; causes; 10 income)
(global warming; capable of; warmer year)(rapidly accelerating; causes; vegas compared)(warmer year; has context; warmer)(warmer year; used for; las vegas)(warmer year; has context; rapidly accelerating)
(everyone believes; has context; should)(you; synonym of; should)
(hummers; desires; cars ban)(cars ban; desires; ban)(cars ban; synonym of; ban hummers)(bad environment; not desires; ban)(bad environment; has context; bad)
(iphones; capable of; iphones best)(iphones best; has context; best phone)(iphones best; has context; everyone has)(iphones best; has context; everyone has them)
(affirmative action; causes; racial prejudice)(racial prejudice; not desires; eliminate)(laws end; desires; eliminate)
(instagram; desires; likes instagram)(likes instagram; causes; economy grows)(likes instagram; is a; linked)(clearly linked; causes; economy grows)
(mom; capable of; limit begin)(math class; has property; limit begin)(limit begin; capable of; gone over the)(limit begin; causes; did test)(gets phone; causes; did test)
(senator; capable of; problems driving)(ecological problems; desires; problems driving)(driving a prius; synonym of; driving prius)(driving prius; causes; problems driving)(problems driving; causes; solve ecological)(problems driving; causes; thinks solve)
(president; synonym of; president honduras)(common fallacy; has context; good leader)(president honduras; capable of; good leader)
(jimmy lunch; has context; lunch)(past acceptable; has context; lunch)(past acceptable; is not a; acceptable)(past acceptable; desires; steal)
(family pets; desires; party conversation)(cat dog; part of; family pets)(cat dog; synonym of; cat)(party conversation; causes; turned family)
(cheesecake factory; has property; best crowded)(best crowded; has context; always)(best crowded; capable of; crowded)(best crowded; has context; factory best)(factory best; is a; best)
(heart transplant surgery; has context; professor did)(matching; capable of; study)(matching; used for; study grandmother)(deserve paper; causes; funeral passed)(funeral passed; causes; professor did)(study grandmother; has property; professor did)
(bill; capable of; vote jenny)(jenny; capable of; vote jenny)(vote jenny; capable of; grades shouldn)(grades shouldn; is not a; good)(president makes; has context; good)(president makes; has context; bad grades)
(cyclists; capable of; cyclists aggressive)(aggressive; desires; ran me)(cyclists aggressive; capable of; aggressive)(cyclists aggressive; has property; sidewalk hadn)(sidewalk hadn; causes; morning woman)
(french people; synonym of; julie french)(julie; synonym of; julie french)(julie french; desires; kissing)(kissing julie; desires; kissing)(kissing julie; capable of; great kissing)(great kissing; causes; date)
(smoking pot; is a; pot law)(smoking pot; is a; wrong law)(wrong law; synonym of; against the law)(wrong law; is a; wrong)(wrong know; synonym of; against the law)
(he; is a; terrible person)(he; capable of; guilty crime)(terrible person; has property; not guilty)(terrible person; has property; person prove)(terrible person; has property; years ago)
(opponent; has context; monkeys swinging)(monkeys swinging; has context; swinging from)(monkeys swinging; capable of; convince evolved)(convince evolved; is a; ludicrous)(trees truly; is a; ludicrous)
(committed; causes; losing job)(mayor lara; capable of; says vote)(fallacy committed; causes; losing job)(says vote; has context; fallacy)(says vote; causes; losing job)(losing job; antonym of; losing your job)
(historians; capable of; studying past)(studying the past; used for; studying past)(studying past; not capable of; avoid repeating mistakes)
(ad; used for; person desire)(desire group; has context; part of a)(desire group; causes; person desire)(person desire; synonym of; desire)(person desire; synonym of; part)
(happy glossy smiley; has context; great)
(bathroom; capable of; miss notes)(miss notes; desires; go to the)(miss notes; causes; won bathroom)(won bathroom; has context; miss the)(poorly test; has context; miss the)
(one cigarette; causes; youth addiction)(youth addiction; synonym of; addiction)(youth addiction; part of; cigarette lead)
(helga; capable of; good health)(fat burgers; capable of; eat)(fat burgers; capable of; good health)(eat; used for; eating)(eat; has context; health..)
(meteorologist; capable of; meteorologist unreliable)(unreliable; is not a; wrong)(meteorologist unreliable; has context; may)(meteorologist unreliable; has context; unreliable)
(lousy people; capable of; thousands pets)(thousands pets; has context; pets)(thousands pets; causes; hungry lousy)(hungry lousy; causes; left homeless and)(hungry lousy; desires; taking care)
(everyone; desires; killed husband)(defendant; capable of; believes defendant)(defendant; capable of; killed husband)(killed husband; has context; killed her husband)(killed husband; causes; people wrong)
(violent video games; has property; violence schools)(violent video games; has property; games directly)(school day; capable of; games directly)(games directly; not desires; banned)(start hour; causes; gun violence)(start hour; desires; banned)(related gun; desires; banned)
(``; used for; doing mentality)(everyone; desires; doing mentality)
(chocolate consumption; has property; helps weight)(chocolate consumption; has property; highest switzerland)(switzerland; has property; helps weight)(chocolate; has property; helps weight)(helps weight; has context; keep your weight)(highest switzerland; has property; trimmest industrialized)(reasonable conclude; has context; keep your weight)

(colleges; used for; colleges america)(colleges america; synonym of; america)(colleges america; capable of; case colleges)(case colleges; causes; certainly case)
(everyone else; capable of; stating agreed)(stating agreed; has context; everyone else thinks)(stating agreed; causes; agreed thinks)
(always hungry..; has context; lunch)(always hungry..; has context; hungry)(always hungry..; has context; know stop)(lunch hungry; synonym of; lunch)(lunch hungry; part of; tina)(lunch hungry; capable of; being hungry)
(evolution; is a; evolution true)(evolution true; part of; ross geller)(evolution true; is a; field says)(field says; is a; true)
(people; desires; trapped in jobs)(trapped in jobs; has property; jobs don)(trapped in jobs; causes; ridiculous spent)(rescue whales; causes; jobs don)(ridiculous spent; causes; ice look)(ice look; causes; don like)
(young understand; synonym of; just too young)(just young; synonym of; just too young)
(everyone; desires; buying new)(new iphone; is a; iphone coming)(new iphone; capable of; buying new)(buying new; causes; weekend buy)
(barbara plan; capable of; fail option)(fail option; causes; agree)(fail option; has context; no other option)
(smoked cigarettes; used for; cancer smoking)(smoking; used for; cancer smoking)(cancer smoking; part of; lung cancer)(cancer smoking; has context; doesn lung)(doesn lung; has context; doesn cause)(cigarettes entire; has context; doesn cause)
(students; desires; phones school)(cell phones; used for; phones school)(phones school; capable of; no idea)(students want; synonym of; no idea)

(tooth fairy; has property; example fallacy)(fallacy; has context; example fallacy)(example fallacy; is a; real proven)(real proven; causes; doesn exist)
(veterans bank; synonym of; filipino veterans)(filipino veterans; synonym of; every filipino)(bank heart; has context; heart)(bank heart; has context; every filipino)(bank heart; causes; heart filipino)

(ugly mouth; has property; says ugly)(says ugly; has context; he)(says ugly; causes; believe says)(believe says; is a; believe)

(torturing babies; used for; wrongs universe)(wrongs universe; part of; objective rights and)(fun right; created by; objective rights and)(fun right; synonym of; universe)(fun right; antonym of; right)
(christian heritage; synonym of; opinion christian)(opinion christian; has context; majority people)(majority people; desires; heritage saying)
(children; capable of; children trick)(poison the treats; causes; poison treats)(children trick; has context; trick or)(children trick; used for; someone)(children trick; capable of; trick treating)(trick treating; causes; poison the)(trick treating; causes; poison treats)
(cpp-npa supporters; used for; cpp npa)(cpp npa; has context; duterte administration)(cpp npa; capable of; hate duterte)
(norms; capable of; fraudulent test)(fraudulent test; has context; fraudulent norms)(fraudulent test; is not a; invalid)(fraudulent test; has context; fraudulent)(test based; is not a; invalid)
(she; capable of; good writing)(good at; capable of; good writing)(writing; desires; good writing)(good writing; part of; writes words effectively)
(evolution; capable of; evolution true)(evolution true; causes; smelly apes)(true smelly; synonym of; smelly apes)(true smelly; is a; true true)
(company; used for; slogan eat)(``; used for; company slogan)(slogan eat; has context; eat fresh)(slogan eat; used for; company slogan)

(running; has context; marathon tiring)(marathon tiring; synonym of; very tiring)(running marathon; synonym of; very tiring)(running marathon; causes; tiring exhausting)
(next president; has property; face president)(face president; has context; face)(imagine face; synonym of; vote)(face vote; has context; face)(face vote; has context; vote)(vote imagine; has context; vote)
(her; is a; too old and)(she; capable of; too old and)(too old and; desires; locked up)(jail did; synonym of; jail)(jail did; desires; locked up)(rob bank; has context; rob the bank)(rob bank; desires; locked up)
(teenagers; capable of; teenagers lazy)(teenagers lazy; has context; they)(teenagers lazy; part of; knows teenagers)(knows teenagers; desires; lazy)

(tailgating her; capable of; tailgating cut)(she; capable of; tailgating cut)(tailgating cut; has context; cut me off)
(doug; capable of; parking ticket)(doug; capable of; time forgot)(lucky underwear; causes; parking ticket)(parking ticket; has context; example disturbing)(doug concludes; causes; parking ticket)
(`` a ''; capable of; allow happen)(allow happen; has context; should not happen)(asserting allow; has context; should not happen)
(senator curry; capable of; fighter don)(new f-99; capable of; fighter don)(laser fighter; part of; fighter don)(fighter don; causes; america defenseless)
($ 40,000; capable of; tuition increase)(charging 40; used for; tuition increase)

(virus; capable of; deadly china)(lab-made; synonym of; deadly)(lab-made; used for; china)(deadly china; has context; lab-made)(proves lab; has context; deadly)(circumstance hasn; has context; lab)(circumstance hasn; has context; deadly)
(jews are lice; used for; jews lice)(jews lice; synonym of; painful/deadly)(typhus painful; has context; typhus)(typhus painful; has context; painful/deadly)(typhus painful; has context; painful/deadly disease)
(legalize weed; used for; druggies)(druggies; not capable of; families)(druggies; capable of; criminals)(response look; used for; criminals)
(judge danforth; causes; proctor choice)(play crucible; capable of; judge danforth)(proctor choice; causes; example fallacy)(example fallacy; has context; fallacy)

(all; desires; players geniuses)(chess players; used for; players geniuses)(players geniuses; part of; geniuses)
(fallacy; has context; claim somebody)(advertising; has context; idea)(fallacy used; has context; idea)(fallacy used; is not a; right)(fallacy used; part of; fallacy)(idea idea; has property; claim somebody)
(start a family; capable of; better family life)(better family life; synonym of; early)(better family life; synonym of; financial stability)(better family life; synonym of; better family)
(sm 1; synonym of; second world war)(sm second; synonym of; sm 1 :)(sm second; synonym of; second world war)
(global warming; has context; warming hoax)(warming hoax; is not a; cold)(warming hoax; has context; summer day)(warming hoax; is a; hoax)(day global; synonym of; summer day)
(mrs. miller; capable of; decides strict)(mrs miller; capable of; decides strict)(decides strict; has context; class clown)(decides strict; has context; clown)

(bible; has property; bible true)(god; has property; bible true)(bible true; is a; true)
(earth; has context; center universe)(center universe; part of; center)(center universe; used for; universe)
(health care reform; causes; option health)(option health; synonym of; public option)(option health; used for; votes senators)
(bears; has property; conclusion illogical)(omnivores; has property; conclusion illogical)(raccoons; has property; conclusion illogical)(raccoons subset; has property; conclusion illogical)(conclusion illogical; causes; overlap)(overlap; causes; doesn support)


(women; desires; women good)(women good; capable of; good job)
(kill; synonym of; immoral)(kill; has context; innocent human)(fetuses; capable of; kill)
(saying believe; synonym of; believe)(saying believe; has context; exactly)(saying believe; has context; exactly the opposite)(saying believe; capable of; exactly opposite)
(have a cell; is a; important cell)(important cell; has context; important)(important cell; has property; percent surveyed)(percent surveyed; has context; said important)
(saying quit; causes; department signify)(department signify; causes; arguments opening)
(dad; capable of; drank parties)(drank parties; part of; drank)(drank parties; used for; parties)

(god of nature; synonym of; means god)(means god; capable of; proper use)(means god; capable of; placed power)(placed power; capable of; make proper)
(men; capable of; men rational)(men rational; used for; women)(men rational; used for; history philosophers)(history philosophers; receives action; more rational)
(americans; has property; god conclusion)(god conclusion; used for; most)(god conclusion; synonym of; believe in god)(god conclusion; desires; believed in god)(colleges universities; causes; god conclusion)(10 000; causes; god conclusion)
(fallacy; part of; position opponent)(position opponent; capable of; attacks)(position opponent; synonym of; opponent)(attacks position; has context; opponent)(attacks position; has context; doesn really)
(b; capable of; will inevitably happen)(will inevitably happen; synonym of; inevitably)(conclude happens; has context; will inevitably happen)(conclude happens; has context; happens inevitably)
(burglarized; has context; house burglarized)(new family; has property; house burglarized)(house burglarized; causes; family involved)(family involved; is a; right new)
(passing federal laws; causes; violence music)(absolute government control; causes; violence music)(absolute government control; causes; censorship forms)(music; desires; violence music)(violence music; used for; violence)(censorship forms; has context; total censorship)(censorship forms; causes; step process)
(speaker; capable of; detrimental society)(no fault divorce; causes; detrimental society)(divorced; causes; detrimental society)(detrimental society; is not a; detrimental)(detrimental society; used for; family)(detrimental society; causes; think got)(speaker didn; capable of; think got)
(social political; synonym of; social and)(social political; capable of; listen does)(listen does; causes; share social)(listen does; causes; does share)
(arguer; has property; arguer attacked)(arguer attacked; synonym of; attacked)(attacked example; has context; attacked)(attacked example; causes; vs argument)(argument attacked; causes; vs argument)
(daniel; has property; atoms invisible)(atoms; has context; atoms invisible)(atoms invisible; causes; liking logic)(liking logic; is a; invisible)(liking logic; causes; skills lost)(skills lost; has context; logic)
(meteorologist; capable of; meteorologist unreliable)(unreliable; is not a; wrong)(meteorologist unreliable; has context; may)(meteorologist unreliable; has context; unreliable)
(labor laws; part of; laws don)(laws don; not capable of; job)(don job; has context; job)
(appealed popularity; synonym of; appealed to popularity)(appealed popularity; causes; people attempted)(people attempted; synonym of; validation)(people attempted; causes; form validation)

(students; desires; students purchased)(students purchased; part of; brain power)(students purchased; has context; good investment)

(zorbo; has property; zorbo great)(zorbo great; has context; flawless and perfect)(flawless perfect; synonym of; flawless and perfect)
(influencer; capable of; ep poppin)(restaurant; desires; ep poppin)(ep poppin; has context; come on down)(ep poppin; causes; tonight come)(instagram restaurant; causes; tonight come)
(senator smith; capable of; says cut)(defense budget; is a; says cut)(says cut; desires; let)(says cut; capable of; position let)(position let; desires; cut)
(90; capable of; going prom)(classmates; capable of; going prom)(90 percent; capable of; going prom)(going prom; synonym of; going to prom)(going prom; causes; don want)
(canine; capable of; bitten pet)(canine species; desires; bitten pet)(bitten pet; has context; bitten)(bitten pet; causes; jogging neighborhood)
(argue logically; is a; essential argumentation)(logic; has property; essential argumentation)(logic; is a; logic essential)(essential argumentation; synonym of; important)(essential argumentation; synonym of; argumentation)
