(big cars; capable of; hate environment)(big cars; used for; people drive)(hate environment; synonym of; hate)(hate environment; not desires; punished)
(white men; capable of; men jump)(men jump; not capable of; jump)(men jump; capable of; jump really)
(people; capable of; people stealing)(people stealing; desires; stealing)(people stealing; is a; logical fallacy)(lower year; desires; stealing)(lower year; has context; example kind)
(wifi; has property; wifi weak)(wifi weak; capable of; hitting computer)(hitting computer; has context; hitting your computer)(weak hit; synonym of; hitting your computer)(weak hit; has context; hit my computer)
(all; used for; clowns bad)(students; part of; clowns bad)(bad; antonym of; good)(clowns bad; is not a; good)(clowns bad; synonym of; clowns)(clowns bad; has context; good clowns)
(people; capable of; increase hate)(proposed state minimum; capable of; increase hate)(increase hate; used for; hate the poor)(increase hate; created by; logical fallacy)

(paige; part of; her father)(guitar solo; has context; father horrible)(her father; not capable of; horrible musician)(paula good; has context; her father)(father horrible; has context; horrible musician)
(sister-in-law; capable of; send children)(a; capable of; send children)(teacher; capable of; send children)(school; desires; said school)(send children; has context; not somewhere)(said school; synonym of; send my children)(said school; synonym of; not somewhere)
(kills; synonym of; deadly)(kills; synonym of; kills deadly)(kills deadly; synonym of; deadly)
